---
source: src/snapshot_tests.rs
expression: check
---
Check(
  scope: Scope(
    mode: DenyList(PackageSelection(
      selection: DefaultMembers,
      excluded_packages: [],
    )),
  ),
  current: Rustdoc(
    source: Root("test_crates/manifest_tests/multiple_ambiguous_package_name_definitions"),
  ),
  baseline: Rustdoc(
    source: Root("test_crates/manifest_tests/multiple_ambiguous_package_name_definitions"),
  ),
  release_type: None,
  current_feature_config: FeatureConfig(
    features_group: Heuristic,
    extra_features: [],
    is_baseline: false,
  ),
  baseline_feature_config: FeatureConfig(
    features_group: Heuristic,
    extra_features: [],
    is_baseline: true,
  ),
  build_target: None,
  witness_generation: WitnessGeneration(
    show_hints: false,
    witness_directory: None,
  ),
)
