---
source: src/query.rs
assertion_line: 847
description: "Lint `enum_tuple_variant_field_missing` did not have the expected witness output.\nSee https://github.com/obi1kenobi/cargo-semver-checks/blob/main/CONTRIBUTING.md#testing-witnesses\nfor more information."
expression: "&actual_witnesses"
---
[["./test_crates/enum_struct_field_hidden_from_public_api/"]]
filename = 'src/lib.rs'
begin_line = 38
hint = '''
match value {
    enum_struct_field_hidden_from_public_api::RemovedHiddenFieldFromVariant::VisibleTupleVariantBreaking(_, _, _, witness) => (),
    _ => (),
}'''

[["./test_crates/enum_tuple_variant_field_missing/"]]
filename = 'src/lib.rs'
begin_line = 5
hint = '''
match value {
    enum_tuple_variant_field_missing::PublicEnum::TupleVariantWithMissingField(_, _, witness) => (),
    _ => (),
}'''
