---
source: src/query.rs
description: "Lint `unit_struct_changed_kind` did not have the expected witness output.\nSee https://github.com/obi1kenobi/cargo-semver-checks/blob/main/CONTRIBUTING.md#testing-witnesses\nfor more information."
expression: "&actual_witnesses"
snapshot_kind: text
---
[["./test_crates/unit_struct_changed_kind/"]]
filename = 'src/lib.rs'
begin_line = 3
hint = 'let witness = unit_struct_changed_kind::UnitStructToPlain;'
