---
source: src/query.rs
expression: "&query_execution_results"
---
{
  "./test_crates/enum_non_exhaustive_tuple_variant_field_added/": [
    {
      "enum_name": String("ExhaustiveEnum"),
      "field_name": String("2"),
      "path": List([
        String("enum_non_exhaustive_tuple_variant_field_added"),
        String("ExhaustiveEnum"),
      ]),
      "span_begin_line": Uint64(5),
      "span_end_line": Uint64(5),
      "span_filename": String("src/lib.rs"),
      "variant_name": String("TupleVariantWithFieldAdded"),
    },
    {
      "enum_name": String("NonExhaustiveEnum"),
      "field_name": String("2"),
      "path": List([
        String("enum_non_exhaustive_tuple_variant_field_added"),
        String("NonExhaustiveEnum"),
      ]),
      "span_begin_line": Uint64(11),
      "span_end_line": Uint64(11),
      "span_filename": String("src/lib.rs"),
      "variant_name": String("TupleVariantWithFieldAdded"),
    },
    {
      "enum_name": String("EnumWithNonExhaustiveVariant"),
      "field_name": String("2"),
      "path": List([
        String("enum_non_exhaustive_tuple_variant_field_added"),
        String("EnumWithNonExhaustiveVariant"),
      ]),
      "span_begin_line": Uint64(23),
      "span_end_line": Uint64(23),
      "span_filename": String("src/lib.rs"),
      "variant_name": String("TupleVariantWithFieldAdded"),
    },
  ],
  "./test_crates/enum_struct_field_hidden_from_public_api/": [
    {
      "enum_name": String("AddedVariantField"),
      "field_name": String("1"),
      "path": List([
        String("enum_struct_field_hidden_from_public_api"),
        String("AddedVariantField"),
      ]),
      "span_begin_line": Uint64(54),
      "span_end_line": Uint64(54),
      "span_filename": String("src/lib.rs"),
      "variant_name": String("NonExhaustiveTupleVariant"),
    },
  ],
  "./test_crates/enum_tuple_variant_field_added/": [
    {
      "enum_name": String("PublicEnum"),
      "field_name": String("2"),
      "path": List([
        String("enum_tuple_variant_field_added"),
        String("PublicEnum"),
      ]),
      "span_begin_line": Uint64(8),
      "span_end_line": Uint64(8),
      "span_filename": String("src/lib.rs"),
      "variant_name": String("NonExhaustiveTupleVariantWithFieldAdded"),
    },
    {
      "enum_name": String("PublicEnum"),
      "field_name": String("2"),
      "path": List([
        String("enum_tuple_variant_field_added"),
        String("PublicEnum"),
      ]),
      "span_begin_line": Uint64(10),
      "span_end_line": Uint64(10),
      "span_filename": String("src/lib.rs"),
      "variant_name": String("TupleVariantWithFieldAddedBecomesExhaustive"),
    },
  ],
}
