---
source: src/query.rs
expression: "&query_execution_results"
snapshot_kind: text
---
{
  "./test_crates/macro_marked_deprecated/": [
    {
      "name": String("macro_to_deprecated"),
      "path": List([
        String("macro_marked_deprecated"),
        String("macro_to_deprecated"),
      ]),
      "span_begin_line": Uint64(6),
      "span_end_line": Uint64(10),
      "span_filename": String("src/lib.rs"),
      "visibility_limit": String("public"),
    },
    {
      "name": String("macro_to_deprecated_message"),
      "path": List([
        String("macro_marked_deprecated"),
        String("macro_to_deprecated_message"),
      ]),
      "span_begin_line": Uint64(14),
      "span_end_line": Uint64(18),
      "span_filename": String("src/lib.rs"),
      "visibility_limit": String("public"),
    },
    {
      "name": String("inner_macro_exported_to_deprecated"),
      "path": List([
        String("macro_marked_deprecated"),
        String("inner_macro_exported_to_deprecated"),
      ]),
      "span_begin_line": Uint64(67),
      "span_end_line": Uint64(71),
      "span_filename": String("src/lib.rs"),
      "visibility_limit": String("public"),
    },
  ],
}
