---
source: src/query.rs
expression: "&query_execution_results"
snapshot_kind: text
---
{
  "./test_crates/module_missing/": [
    {
      "name": String("will_remove"),
      "path": List([
        String("module_missing"),
        String("bb"),
        String("will_remove"),
      ]),
      "span_begin_line": Uint64(10),
      "span_end_line": Uint64(10),
      "span_filename": String("src/lib.rs"),
      "visibility_limit": String("public"),
    },
    {
      "name": String("will_make_private"),
      "path": List([
        String("module_missing"),
        String("will_make_private"),
      ]),
      "span_begin_line": Uint64(13),
      "span_end_line": Uint64(13),
      "span_filename": String("src/lib.rs"),
      "visibility_limit": String("public"),
    },
  ],
  "./test_crates/trait_missing/": [
    {
      "name": String("my_pub_mod"),
      "path": List([
        String("trait_missing"),
        String("my_pub_mod"),
      ]),
      "span_begin_line": Uint64(7),
      "span_end_line": Uint64(7),
      "span_filename": String("src/lib.rs"),
      "visibility_limit": String("public"),
    },
  ],
  "./test_crates/trait_missing_with_major_bump/": [
    {
      "name": String("my_pub_mod"),
      "path": List([
        String("trait_missing_with_major_bump"),
        String("my_pub_mod"),
      ]),
      "span_begin_line": Uint64(7),
      "span_end_line": Uint64(7),
      "span_filename": String("src/lib.rs"),
      "visibility_limit": String("public"),
    },
  ],
}
