---
source: src/query.rs
expression: "&query_execution_results"
snapshot_kind: text
---
{
  "./test_crates/repr_c_enum_struct_variant_fields_reordered/": [
    {
      "field_name": String("a"),
      "name": String("PublicEnum"),
      "new_position": Int64(3),
      "path": List([
        String("repr_c_enum_struct_variant_fields_reordered"),
        String("PublicEnum"),
      ]),
      "position": Int64(1),
      "span_begin_line": Uint64(6),
      "span_end_line": Uint64(6),
      "span_filename": String("src/lib.rs"),
      "variant_name": String("StructVariant"),
    },
    {
      "field_name": String("b"),
      "name": String("PublicEnum"),
      "new_position": Int64(1),
      "path": List([
        String("repr_c_enum_struct_variant_fields_reordered"),
        String("PublicEnum"),
      ]),
      "position": Int64(2),
      "span_begin_line": Uint64(6),
      "span_end_line": Uint64(6),
      "span_filename": String("src/lib.rs"),
      "variant_name": String("StructVariant"),
    },
    {
      "field_name": String("c"),
      "name": String("PublicEnum"),
      "new_position": Int64(2),
      "path": List([
        String("repr_c_enum_struct_variant_fields_reordered"),
        String("PublicEnum"),
      ]),
      "position": Int64(3),
      "span_begin_line": Uint64(6),
      "span_end_line": Uint64(6),
      "span_filename": String("src/lib.rs"),
      "variant_name": String("StructVariant"),
    },
    {
      "field_name": String("a"),
      "name": String("MultipleReprEnum"),
      "new_position": Int64(2),
      "path": List([
        String("repr_c_enum_struct_variant_fields_reordered"),
        String("MultipleReprEnum"),
      ]),
      "position": Int64(1),
      "span_begin_line": Uint64(56),
      "span_end_line": Uint64(56),
      "span_filename": String("src/lib.rs"),
      "variant_name": String("StructVariant"),
    },
    {
      "field_name": String("b"),
      "name": String("MultipleReprEnum"),
      "new_position": Int64(1),
      "path": List([
        String("repr_c_enum_struct_variant_fields_reordered"),
        String("MultipleReprEnum"),
      ]),
      "position": Int64(2),
      "span_begin_line": Uint64(56),
      "span_end_line": Uint64(56),
      "span_filename": String("src/lib.rs"),
      "variant_name": String("StructVariant"),
    },
    {
      "field_name": String("b"),
      "name": String("EnumWithAddition"),
      "new_position": Int64(1),
      "path": List([
        String("repr_c_enum_struct_variant_fields_reordered"),
        String("EnumWithAddition"),
      ]),
      "position": Int64(2),
      "span_begin_line": Uint64(63),
      "span_end_line": Uint64(63),
      "span_filename": String("src/lib.rs"),
      "variant_name": String("StructVariant"),
    },
    {
      "field_name": String("a"),
      "name": String("EnumWithAddition"),
      "new_position": Int64(2),
      "path": List([
        String("repr_c_enum_struct_variant_fields_reordered"),
        String("EnumWithAddition"),
      ]),
      "position": Int64(1),
      "span_begin_line": Uint64(64),
      "span_end_line": Uint64(64),
      "span_filename": String("src/lib.rs"),
      "variant_name": String("StructVariant"),
    },
    {
      "field_name": String("b"),
      "name": String("EnumWithRemoval"),
      "new_position": Int64(1),
      "path": List([
        String("repr_c_enum_struct_variant_fields_reordered"),
        String("EnumWithRemoval"),
      ]),
      "position": Int64(2),
      "span_begin_line": Uint64(72),
      "span_end_line": Uint64(72),
      "span_filename": String("src/lib.rs"),
      "variant_name": String("StructVariant"),
    },
    {
      "field_name": String("c"),
      "name": String("EnumWithRemoval"),
      "new_position": Int64(2),
      "path": List([
        String("repr_c_enum_struct_variant_fields_reordered"),
        String("EnumWithRemoval"),
      ]),
      "position": Int64(3),
      "span_begin_line": Uint64(72),
      "span_end_line": Uint64(72),
      "span_filename": String("src/lib.rs"),
      "variant_name": String("StructVariant"),
    },
    {
      "field_name": String("a"),
      "name": String("MultiVariantEnum"),
      "new_position": Int64(2),
      "path": List([
        String("repr_c_enum_struct_variant_fields_reordered"),
        String("MultiVariantEnum"),
      ]),
      "position": Int64(1),
      "span_begin_line": Uint64(84),
      "span_end_line": Uint64(84),
      "span_filename": String("src/lib.rs"),
      "variant_name": String("First"),
    },
    {
      "field_name": String("b"),
      "name": String("MultiVariantEnum"),
      "new_position": Int64(1),
      "path": List([
        String("repr_c_enum_struct_variant_fields_reordered"),
        String("MultiVariantEnum"),
      ]),
      "position": Int64(2),
      "span_begin_line": Uint64(84),
      "span_end_line": Uint64(84),
      "span_filename": String("src/lib.rs"),
      "variant_name": String("First"),
    },
    {
      "field_name": String("x"),
      "name": String("MultiVariantEnum"),
      "new_position": Int64(2),
      "path": List([
        String("repr_c_enum_struct_variant_fields_reordered"),
        String("MultiVariantEnum"),
      ]),
      "position": Int64(1),
      "span_begin_line": Uint64(85),
      "span_end_line": Uint64(85),
      "span_filename": String("src/lib.rs"),
      "variant_name": String("Second"),
    },
    {
      "field_name": String("y"),
      "name": String("MultiVariantEnum"),
      "new_position": Int64(1),
      "path": List([
        String("repr_c_enum_struct_variant_fields_reordered"),
        String("MultiVariantEnum"),
      ]),
      "position": Int64(2),
      "span_begin_line": Uint64(85),
      "span_end_line": Uint64(85),
      "span_filename": String("src/lib.rs"),
      "variant_name": String("Second"),
    },
  ],
}
