---
source: src/query.rs
expression: "&query_execution_results"
snapshot_kind: text
---
{
  "./test_crates/trait_method_requires_different_const_generic_params/": [
    {
      "method": String("becomes_generic"),
      "name": String("Example"),
      "new_required_const_count": Uint64(1),
      "new_required_consts": List([
        String("N"),
      ]),
      "old_required_const_count": Uint64(0),
      "old_required_consts": List([]),
      "path": List([
        String("trait_method_requires_different_const_generic_params"),
        String("Example"),
      ]),
      "span_begin_line": Uint64(2),
      "span_filename": String("src/lib.rs"),
      "visibility_limit": String("public"),
    },
    {
      "method": String("gains_const_generics"),
      "name": String("Example"),
      "new_required_const_count": Uint64(2),
      "new_required_consts": List([
        String("N"),
        String("M"),
      ]),
      "old_required_const_count": Uint64(1),
      "old_required_consts": List([
        String("N"),
      ]),
      "path": List([
        String("trait_method_requires_different_const_generic_params"),
        String("Example"),
      ]),
      "span_begin_line": Uint64(4),
      "span_filename": String("src/lib.rs"),
      "visibility_limit": String("public"),
    },
    {
      "method": String("loses_const_generics"),
      "name": String("Example"),
      "new_required_const_count": Uint64(1),
      "new_required_consts": List([
        String("N"),
      ]),
      "old_required_const_count": Uint64(2),
      "old_required_consts": List([
        String("N"),
        String("M"),
      ]),
      "path": List([
        String("trait_method_requires_different_const_generic_params"),
        String("Example"),
      ]),
      "span_begin_line": Uint64(6),
      "span_filename": String("src/lib.rs"),
      "visibility_limit": String("public"),
    },
  ],
}
