---
source: src/query.rs
expression: "&query_execution_results"
snapshot_kind: text
---
{
  "./test_crates/trait_associated_const_added/": [
    {
      "name": String("WillGainConstWithoutDefaultAndSeal"),
      "path": List([
        String("trait_associated_const_added"),
        String("WillGainConstWithoutDefaultAndSeal"),
      ]),
      "span_begin_line": Uint64(18),
      "span_end_line": Uint64(22),
      "span_filename": String("src/lib.rs"),
      "visibility_limit": String("public"),
    },
    {
      "name": String("WillGainADocHiddenConst"),
      "path": List([
        String("trait_associated_const_added"),
        String("WillGainADocHiddenConst"),
      ]),
      "span_begin_line": Uint64(48),
      "span_end_line": Uint64(53),
      "span_filename": String("src/lib.rs"),
      "visibility_limit": String("public"),
    },
  ],
  "./test_crates/trait_associated_type_added/": [
    {
      "name": String("WillGainTypeWithoutDefaultAndSeal"),
      "path": List([
        String("trait_associated_type_added"),
        String("WillGainTypeWithoutDefaultAndSeal"),
      ]),
      "span_begin_line": Uint64(21),
      "span_end_line": Uint64(25),
      "span_filename": String("src/lib.rs"),
      "visibility_limit": String("public"),
    },
    {
      "name": String("WillGainADocHiddenType"),
      "path": List([
        String("trait_associated_type_added"),
        String("WillGainADocHiddenType"),
      ]),
      "span_begin_line": Uint64(53),
      "span_end_line": Uint64(58),
      "span_filename": String("src/lib.rs"),
      "visibility_limit": String("public"),
    },
  ],
  "./test_crates/trait_method_added/": [
    {
      "name": String("WillGainMethodWithoutDefaultAndSeal"),
      "path": List([
        String("trait_method_added"),
        String("WillGainMethodWithoutDefaultAndSeal"),
      ]),
      "span_begin_line": Uint64(22),
      "span_end_line": Uint64(24),
      "span_filename": String("src/lib.rs"),
      "visibility_limit": String("public"),
    },
    {
      "name": String("WIllGainDocHiddenMethodWithoutDefault"),
      "path": List([
        String("trait_method_added"),
        String("WIllGainDocHiddenMethodWithoutDefault"),
      ]),
      "span_begin_line": Uint64(26),
      "span_end_line": Uint64(29),
      "span_filename": String("src/lib.rs"),
      "visibility_limit": String("public"),
    },
  ],
  "./test_crates/trait_method_default_impl_removed/": [
    {
      "name": String("TraitE"),
      "path": List([
        String("trait_method_default_impl_removed"),
        String("TraitE"),
      ]),
      "span_begin_line": Uint64(28),
      "span_end_line": Uint64(30),
      "span_filename": String("src/lib.rs"),
      "visibility_limit": String("public"),
    },
    {
      "name": String("TraitF"),
      "path": List([
        String("trait_method_default_impl_removed"),
        String("TraitF"),
      ]),
      "span_begin_line": Uint64(33),
      "span_end_line": Uint64(35),
      "span_filename": String("src/lib.rs"),
      "visibility_limit": String("public"),
    },
  ],
  "./test_crates/trait_method_now_doc_hidden/": [
    {
      "name": String("PublicTrait"),
      "path": List([
        String("trait_method_now_doc_hidden"),
        String("PublicTrait"),
      ]),
      "span_begin_line": Uint64(14),
      "span_end_line": Uint64(19),
      "span_filename": String("src/lib.rs"),
      "visibility_limit": String("public"),
    },
  ],
  "./test_crates/trait_newly_sealed/": [
    {
      "name": String("TraitBecomesSealed"),
      "path": List([
        String("trait_newly_sealed"),
        String("TraitBecomesSealed"),
      ]),
      "span_begin_line": Uint64(9),
      "span_end_line": Uint64(9),
      "span_filename": String("src/lib.rs"),
      "visibility_limit": String("public"),
    },
    {
      "name": String("TraitMethodBecomesSealed"),
      "path": List([
        String("trait_newly_sealed"),
        String("TraitMethodBecomesSealed"),
      ]),
      "span_begin_line": Uint64(15),
      "span_end_line": Uint64(17),
      "span_filename": String("src/lib.rs"),
      "visibility_limit": String("public"),
    },
  ],
  "./test_crates/trait_now_doc_hidden/": [
    {
      "name": String("PublicTraitHiddenVariant"),
      "path": List([
        String("trait_now_doc_hidden"),
        String("PublicTraitHiddenVariant"),
      ]),
      "span_begin_line": Uint64(51),
      "span_end_line": Uint64(57),
      "span_filename": String("src/lib.rs"),
      "visibility_limit": String("public"),
    },
  ],
}
