---
source: src/query.rs
expression: "&query_execution_results"
snapshot_kind: text
---
{
  "./test_crates/trait_associated_type_added/": [
    {
      "associated_type": String("Bar"),
      "has_default": Boolean(false),
      "path": List([
        String("trait_associated_type_added"),
        String("WillGainTypeWithoutDefault"),
      ]),
      "span_begin_line": Uint64(10),
      "span_end_line": Uint64(10),
      "span_filename": String("src/lib.rs"),
      "visibility_limit": String("public"),
    },
    {
      "associated_type": String("Bar"),
      "has_default": Boolean(false),
      "path": List([
        String("trait_associated_type_added"),
        String("WillGainTypeWithoutDefaultAndSeal"),
      ]),
      "span_begin_line": Uint64(22),
      "span_end_line": Uint64(22),
      "span_filename": String("src/lib.rs"),
      "visibility_limit": String("public"),
    },
    {
      "associated_type": String("Two"),
      "has_default": Boolean(false),
      "path": List([
        String("trait_associated_type_added"),
        String("WillGainAnotherTypeWithoutDefault"),
      ]),
      "span_begin_line": Uint64(41),
      "span_end_line": Uint64(41),
      "span_filename": String("src/lib.rs"),
      "visibility_limit": String("public"),
    },
    {
      "associated_type": String("Bar"),
      "has_default": Boolean(false),
      "path": List([
        String("trait_associated_type_added"),
        String("WillGainADocHiddenType"),
      ]),
      "span_begin_line": Uint64(55),
      "span_end_line": Uint64(55),
      "span_filename": String("src/lib.rs"),
      "visibility_limit": String("public"),
    },
  ],
}
