---
source: src/query.rs
expression: "&query_execution_results"
---
{
  "./test_crates/trait_method_generics_reordered/": [
    {
      "const_name": String("N"),
      "method": String("one_each_type_first"),
      "name": String("Example"),
      "path": List([
        String("trait_method_generics_reordered"),
        String("Example"),
      ]),
      "position": Uint64(1),
      "required_const_count": Uint64(1),
      "required_type_count": Uint64(1),
      "span_begin_line": Uint64(4),
      "span_end_line": Uint64(4),
      "span_filename": String("src/lib.rs"),
      "type_name": String("T"),
    },
    {
      "const_name": String("N"),
      "method": String("one_each_const_first"),
      "name": String("Example"),
      "path": List([
        String("trait_method_generics_reordered"),
        String("Example"),
      ]),
      "position": Uint64(2),
      "required_const_count": Uint64(1),
      "required_type_count": Uint64(1),
      "span_begin_line": Uint64(5),
      "span_end_line": Uint64(5),
      "span_filename": String("src/lib.rs"),
      "type_name": String("T"),
    },
    {
      "const_name": String("N"),
      "method": String("lifetime_ignored"),
      "name": String("Example"),
      "path": List([
        String("trait_method_generics_reordered"),
        String("Example"),
      ]),
      "position": Uint64(2),
      "required_const_count": Uint64(1),
      "required_type_count": Uint64(1),
      "span_begin_line": Uint64(6),
      "span_end_line": Uint64(6),
      "span_filename": String("src/lib.rs"),
      "type_name": String("T"),
    },
    {
      "const_name": String("M"),
      "method": String("two_each_but_one_changed"),
      "name": String("Example"),
      "path": List([
        String("trait_method_generics_reordered"),
        String("Example"),
      ]),
      "position": Uint64(4),
      "required_const_count": Uint64(2),
      "required_type_count": Uint64(2),
      "span_begin_line": Uint64(7),
      "span_end_line": Uint64(7),
      "span_filename": String("src/lib.rs"),
      "type_name": String("U"),
    },
    {
      "const_name": String("N"),
      "method": String("two_each_two_changed"),
      "name": String("Example"),
      "path": List([
        String("trait_method_generics_reordered"),
        String("Example"),
      ]),
      "position": Uint64(1),
      "required_const_count": Uint64(2),
      "required_type_count": Uint64(2),
      "span_begin_line": Uint64(8),
      "span_end_line": Uint64(8),
      "span_filename": String("src/lib.rs"),
      "type_name": String("T"),
    },
    {
      "const_name": String("M"),
      "method": String("two_each_two_changed"),
      "name": String("Example"),
      "path": List([
        String("trait_method_generics_reordered"),
        String("Example"),
      ]),
      "position": Uint64(4),
      "required_const_count": Uint64(2),
      "required_type_count": Uint64(2),
      "span_begin_line": Uint64(8),
      "span_end_line": Uint64(8),
      "span_filename": String("src/lib.rs"),
      "type_name": String("U"),
    },
  ],
}
