---
source: src/query.rs
expression: "&query_execution_results"
---
{
  "./test_crates/unsafe_function_requires_more_target_features/": [
    {
      "fn_name": String("safe_function"),
      "new_feature": String("avx2"),
      "path": List([
        String("unsafe_function_requires_more_target_features"),
        String("safe_function"),
      ]),
      "span_begin_line": Uint64(14),
      "span_end_line": Uint64(14),
      "span_filename": String("src/lib.rs"),
    },
    {
      "fn_name": String("unsafe_function"),
      "new_feature": String("avx2"),
      "path": List([
        String("unsafe_function_requires_more_target_features"),
        String("unsafe_function"),
      ]),
      "span_begin_line": Uint64(18),
      "span_end_line": Uint64(18),
      "span_filename": String("src/lib.rs"),
    },
  ],
}
